2025-10-05 10:21:00 | WARN | repo=git | action=commit
2025-11-09 14:07:00 | INFO | repo=git | action=commit
2024-07-09 14:39:00 | INFO | repo=git | action=commit
2024-06-19 14:33:00 | INFO | repo=git | action=commit
2025-10-02 09:07:00 | INFO | repo=git | action=commit
2025-10-07 07:19:00 | WARN | repo=git | action=pull
2024-03-25 13:59:00 | WARN | repo=git | action=commit
2025-06-27 18:04:00 | DEBUG | repo=git | action=commit
2025-11-26 15:24:00 | WARN | repo=git | action=commit
2025-10-08 17:56:00 | DEBUG | repo=git | action=commit
2025-07-19 10:43:00 | INFO | repo=git | action=commit
2024-10-08 09:24:00 | WARN | repo=git | action=commit
2025-08-20 17:26:00 | INFO | repo=git | action=test | passed=true
2025-01-07 07:57:00 | DEBUG | repo=git | action=commit
2024-11-11 15:43:00 | WARN | repo=git | action=commit
2024-07-07 07:28:00 | DEBUG | repo=git | action=commit
2024-10-21 08:00:00 | INFO | repo=git | action=pull
2024-12-26 18:48:00 | DEBUG | repo=git | action=commit
2024-06-14 13:01:00 | WARN | repo=git | action=commit
2025-10-03 14:26:00 | INFO | repo=git | action=edit | files=4
2024-11-11 15:59:00 | DEBUG | repo=git | action=commit
2025-08-07 07:13:00 | DEBUG | repo=git | action=commit
2025-06-24 10:25:00 | WARN | repo=git | action=pull
2024-02-01 20:59:00 | WARN | repo=git | action=commit
2024-12-28 16:33:00 | WARN | repo=git | action=commit
2024-03-16 18:40:00 | DEBUG | repo=git | action=commit
2024-09-11 08:18:00 | DEBUG | repo=git | action=edit | files=2
2025-06-23 17:31:00 | DEBUG | repo=git | action=edit | files=3
2024-04-13 18:30:00 | DEBUG | repo=git | action=commit
2025-10-27 12:19:00 | INFO | repo=git | action=commit
2025-09-06 07:06:00 | WARN | repo=git | action=commit
2025-04-15 16:09:00 | WARN | repo=git | action=commit
2025-11-14 15:35:00 | DEBUG | repo=git | action=edit | files=4
2025-07-17 19:52:00 | WARN | repo=git | action=commit
2025-09-25 07:45:00 | DEBUG | repo=git | action=commit
2025-04-06 20:44:00 | WARN | repo=git | action=commit
2025-11-16 18:39:00 | DEBUG | repo=git | action=test | passed=true
2025-10-14 11:57:00 | DEBUG | repo=git | action=pull
2025-08-19 16:18:00 | INFO | repo=git | action=commit
2025-05-08 12:26:00 | DEBUG | repo=git | action=commit
2025-06-26 09:11:00 | INFO | repo=git | action=pull
2025-07-19 07:24:00 | WARN | repo=git | action=commit
2025-07-11 18:35:00 | INFO | repo=git | action=test | passed=true
2025-03-16 11:21:00 | WARN | repo=git | action=edit | files=3
2025-04-27 17:21:00 | WARN | repo=git | action=edit | files=2
2025-09-15 11:39:00 | DEBUG | repo=git | action=commit
2025-11-05 07:19:00 | INFO | repo=git | action=commit
2025-04-13 17:13:00 | WARN | repo=git | action=commit
2025-07-19 09:30:00 | WARN | repo=git | action=commit
2025-11-20 15:06:00 | DEBUG | repo=git | action=commit
2025-07-12 19:45:00 | INFO | repo=git | action=commit
2025-12-05 18:10:00 | DEBUG | repo=git | action=test | passed=true
2025-05-24 20:08:00 | INFO | repo=git | action=edit | files=1
2025-09-27 16:16:00 | INFO | repo=git | action=commit
2025-07-01 10:13:00 | WARN | repo=git | action=test | passed=true
2025-11-08 11:53:00 | DEBUG | repo=git | action=commit
2025-04-11 09:00:00 | INFO | repo=git | action=test | passed=true
2025-02-19 19:24:00 | WARN | repo=git | action=commit
2025-04-01 20:43:00 | DEBUG | repo=git | action=commit
2025-07-27 14:36:00 | DEBUG | repo=git | action=commit
2025-08-05 11:34:00 | INFO | repo=git | action=test | passed=true
2025-07-09 19:35:00 | INFO | repo=git | action=commit
2025-08-07 08:19:00 | INFO | repo=git | action=commit
2025-04-13 08:13:00 | DEBUG | repo=git | action=commit
2025-05-02 14:49:00 | WARN | repo=git | action=pull
2025-02-09 08:07:00 | WARN | repo=git | action=commit
2025-03-06 11:56:00 | DEBUG | repo=git | action=pull
2025-02-08 07:19:00 | INFO | repo=git | action=commit
2025-02-24 20:46:00 | WARN | repo=git | action=edit | files=1
2025-12-20 20:26:00 | DEBUG | repo=git | action=edit | files=5
2025-06-02 21:26:00 | WARN | repo=git | action=commit
2025-07-03 18:16:00 | INFO | repo=git | action=commit
2025-08-20 07:48:00 | INFO | repo=git | action=pull
2025-08-16 21:20:00 | INFO | repo=git | action=test | passed=true
2025-02-14 14:07:00 | WARN | repo=git | action=edit | files=2
2025-02-26 07:06:00 | WARN | repo=git | action=commit
2025-08-25 09:00:00 | INFO | repo=git | action=commit
2025-02-23 18:08:00 | INFO | repo=git | action=commit
2025-09-13 08:56:00 | WARN | repo=git | action=commit
2025-01-13 15:57:00 | DEBUG | repo=git | action=commit
2025-08-28 17:07:00 | INFO | repo=git | action=commit
2025-08-15 07:45:00 | DEBUG | repo=git | action=commit
2025-10-26 21:08:00 | INFO | repo=git | action=commit
2025-02-05 13:20:00 | INFO | repo=git | action=edit | files=3
2025-07-21 09:58:00 | WARN | repo=git | action=pull
2025-03-15 17:25:00 | DEBUG | repo=git | action=commit
2025-08-22 21:15:00 | INFO | repo=git | action=pull
2025-07-19 19:11:00 | WARN | repo=git | action=commit
2025-11-23 17:11:00 | INFO | repo=git | action=commit
2025-08-06 18:53:00 | INFO | repo=git | action=commit
2025-12-14 11:22:00 | INFO | repo=git | action=commit
2025-02-06 21:01:00 | INFO | repo=git | action=commit
2025-08-06 19:04:00 | WARN | repo=git | action=commit
2025-02-12 13:44:00 | WARN | repo=git | action=commit
2025-09-20 20:37:00 | INFO | repo=git | action=pull
2025-05-07 18:28:00 | INFO | repo=git | action=commit
2025-01-06 07:17:00 | DEBUG | repo=git | action=commit
2025-08-07 14:15:00 | DEBUG | repo=git | action=commit
2025-07-11 20:30:00 | INFO | repo=git | action=commit
2025-07-20 11:20:00 | DEBUG | repo=git | action=pull
2025-06-19 19:53:00 | DEBUG | repo=git | action=edit | files=1
2025-04-10 18:35:00 | INFO | repo=git | action=pull
2025-10-02 08:14:00 | DEBUG | repo=git | action=pull
2025-05-22 11:15:00 | DEBUG | repo=git | action=commit
2025-07-14 07:29:00 | WARN | repo=git | action=commit
2025-11-22 11:03:00 | INFO | repo=git | action=commit
2025-03-27 09:36:00 | DEBUG | repo=git | action=commit
2025-10-17 08:12:00 | INFO | repo=git | action=pull
2025-06-07 13:57:00 | INFO | repo=git | action=commit
2025-08-04 15:11:00 | WARN | repo=git | action=commit
2025-07-27 19:06:00 | DEBUG | repo=git | action=commit
2025-12-25 21:06:00 | INFO | repo=git | action=commit
2025-10-13 08:01:00 | INFO | repo=git | action=test | passed=true
2025-04-20 17:22:00 | WARN | repo=git | action=pull
2025-03-27 08:56:00 | DEBUG | repo=git | action=commit
2025-08-03 16:55:00 | WARN | repo=git | action=pull
2025-03-15 19:59:00 | DEBUG | repo=git | action=commit
2025-06-23 08:03:00 | INFO | repo=git | action=edit | files=2
2025-08-28 20:01:00 | WARN | repo=git | action=commit
2025-03-19 15:40:00 | DEBUG | repo=git | action=commit
2025-06-22 12:45:00 | WARN | repo=git | action=test | passed=true
2025-06-25 07:16:00 | DEBUG | repo=git | action=commit
2025-11-15 09:21:00 | INFO | repo=git | action=test | passed=true
2025-05-16 08:00:00 | INFO | repo=git | action=commit
2025-07-15 11:57:00 | INFO | repo=git | action=commit
2025-06-03 09:37:00 | DEBUG | repo=git | action=pull
2025-06-28 07:47:00 | WARN | repo=git | action=edit | files=3
2025-12-08 15:08:00 | WARN | repo=git | action=commit
2025-05-07 20:56:00 | INFO | repo=git | action=test | passed=true
2025-10-12 08:31:00 | WARN | repo=git | action=commit
2025-02-16 09:25:00 | INFO | repo=git | action=commit
2025-12-13 20:52:00 | DEBUG | repo=git | action=commit
2025-03-26 08:45:00 | DEBUG | repo=git | action=commit
2025-11-18 21:43:00 | WARN | repo=git | action=pull
2025-09-18 20:28:00 | INFO | repo=git | action=commit
2025-01-02 10:51:00 | DEBUG | repo=git | action=pull
2025-08-18 15:51:00 | DEBUG | repo=git | action=edit | files=5
2025-05-07 10:26:00 | DEBUG | repo=git | action=edit | files=5
2025-08-13 19:28:00 | DEBUG | repo=git | action=commit
2025-01-23 20:58:00 | INFO | repo=git | action=pull
2025-02-05 09:56:00 | DEBUG | repo=git | action=test | passed=true
2025-01-16 08:37:00 | WARN | repo=git | action=test | passed=true
2025-09-20 20:22:00 | INFO | repo=git | action=commit
2025-10-10 09:59:00 | WARN | repo=git | action=test | passed=true
2025-03-04 17:21:00 | INFO | repo=git | action=commit
2025-08-26 13:26:00 | INFO | repo=git | action=commit
2025-04-11 12:15:00 | INFO | repo=git | action=commit
2025-09-27 12:22:00 | DEBUG | repo=git | action=commit
2025-04-06 12:16:00 | INFO | repo=git | action=test | passed=true
2025-07-14 21:05:00 | DEBUG | repo=git | action=commit
2025-06-15 08:11:00 | INFO | repo=git | action=commit
2025-10-26 12:14:00 | WARN | repo=git | action=commit
2025-01-10 17:35:00 | INFO | repo=git | action=commit
2025-03-25 08:15:00 | WARN | repo=git | action=pull
2025-04-28 18:52:00 | DEBUG | repo=git | action=commit
2025-01-06 20:06:00 | WARN | repo=git | action=test | passed=true
2025-03-02 18:39:00 | DEBUG | repo=git | action=commit
2025-01-08 14:03:00 | DEBUG | repo=git | action=pull
2025-09-17 07:17:00 | WARN | repo=git | action=commit
2025-11-13 10:57:00 | INFO | repo=git | action=pull
2025-09-25 18:14:00 | INFO | repo=git | action=test | passed=true
2025-05-24 18:36:00 | DEBUG | repo=git | action=pull
2025-04-24 15:11:00 | WARN | repo=git | action=edit | files=5
2025-08-08 08:06:00 | WARN | repo=git | action=commit
2025-05-08 19:38:00 | WARN | repo=git | action=edit | files=4
2025-04-20 08:04:00 | WARN | repo=git | action=commit
2025-03-27 21:29:00 | INFO | repo=git | action=commit
2025-02-17 14:38:00 | INFO | repo=git | action=commit
2025-02-24 21:31:00 | WARN | repo=git | action=commit
2025-06-21 14:59:00 | WARN | repo=git | action=pull
2025-11-20 16:49:00 | INFO | repo=git | action=commit
2025-05-04 12:26:00 | DEBUG | repo=git | action=commit
2025-07-20 11:39:00 | WARN | repo=git | action=commit
2025-05-12 17:28:00 | WARN | repo=git | action=commit
2025-03-20 12:35:00 | WARN | repo=git | action=commit
2025-04-10 21:31:00 | DEBUG | repo=git | action=pull
2025-08-02 18:04:00 | WARN | repo=git | action=commit
2025-10-21 09:46:00 | DEBUG | repo=git | action=commit
2025-12-17 18:58:00 | DEBUG | repo=git | action=commit
2025-12-11 08:22:00 | INFO | repo=git | action=commit
2025-07-26 17:44:00 | WARN | repo=git | action=commit
2025-10-10 14:59:00 | WARN | repo=git | action=commit
2025-01-10 14:32:00 | WARN | repo=git | action=commit
2025-06-24 16:15:00 | WARN | repo=git | action=pull
2025-04-15 19:56:00 | DEBUG | repo=git | action=edit | files=3
2025-07-16 19:09:00 | DEBUG | repo=git | action=commit
2025-08-02 07:53:00 | INFO | repo=git | action=commit
2025-02-22 11:14:00 | WARN | repo=git | action=commit
2025-06-10 09:14:00 | DEBUG | repo=git | action=test | passed=true
2025-07-12 21:42:00 | DEBUG | repo=git | action=pull
2025-05-23 10:21:00 | WARN | repo=git | action=commit
2025-04-13 15:19:00 | WARN | repo=git | action=edit | files=5
2025-03-24 16:46:00 | WARN | repo=git | action=commit
2025-07-10 16:13:00 | WARN | repo=git | action=edit | files=5
2025-03-24 07:32:00 | WARN | repo=git | action=commit
2025-06-27 08:03:00 | INFO | repo=git | action=commit
2025-10-16 20:23:00 | INFO | repo=git | action=test | passed=true
2025-04-01 16:26:00 | DEBUG | repo=git | action=pull
2025-08-22 07:24:00 | DEBUG | repo=git | action=commit
2025-08-28 19:31:00 | INFO | repo=git | action=commit
2025-07-06 19:29:00 | INFO | repo=git | action=commit
2025-08-11 07:56:00 | INFO | repo=git | action=commit
2025-02-15 18:27:00 | INFO | repo=git | action=edit | files=3
2025-10-06 08:37:00 | WARN | repo=git | action=commit
2025-05-04 14:10:00 | INFO | repo=git | action=commit
2025-04-19 09:10:00 | DEBUG | repo=git | action=commit
2025-04-11 21:33:00 | DEBUG | repo=git | action=commit
2025-08-21 10:05:00 | DEBUG | repo=git | action=test | passed=true
2025-11-01 12:45:00 | INFO | repo=git | action=commit
2025-06-11 12:31:00 | WARN | repo=git | action=commit
2025-01-16 17:03:00 | DEBUG | repo=git | action=commit
2025-08-15 19:33:00 | DEBUG | repo=git | action=commit
2025-10-15 21:32:00 | WARN | repo=git | action=commit
2025-10-03 07:50:00 | INFO | repo=git | action=commit
2025-07-11 17:25:00 | WARN | repo=git | action=commit
2025-12-06 19:21:00 | DEBUG | repo=git | action=commit
2025-02-17 13:56:00 | WARN | repo=git | action=pull
2025-10-17 08:06:00 | INFO | repo=git | action=commit
2025-04-07 15:04:00 | DEBUG | repo=git | action=commit
2025-08-23 07:09:00 | WARN | repo=git | action=edit | files=3
2025-02-10 14:12:00 | WARN | repo=git | action=commit
2025-08-14 10:04:00 | WARN | repo=git | action=commit
2025-02-03 21:41:00 | WARN | repo=git | action=commit
2025-11-04 17:29:00 | DEBUG | repo=git | action=commit
2025-02-01 13:15:00 | DEBUG | repo=git | action=commit
2025-03-20 16:11:00 | WARN | repo=git | action=commit
2025-02-04 15:31:00 | DEBUG | repo=git | action=commit
2025-07-09 09:06:00 | DEBUG | repo=git | action=commit
2025-06-02 08:13:00 | WARN | repo=git | action=edit | files=2
2025-09-23 20:37:00 | INFO | repo=git | action=commit
2025-11-18 15:48:00 | INFO | repo=git | action=pull
2025-06-21 15:21:00 | DEBUG | repo=git | action=commit
2025-08-25 14:20:00 | WARN | repo=git | action=commit
2025-07-12 20:23:00 | DEBUG | repo=git | action=commit
2025-01-10 19:39:00 | DEBUG | repo=git | action=commit
2025-02-23 12:08:00 | INFO | repo=git | action=commit
2025-12-06 16:01:00 | WARN | repo=git | action=commit
2025-06-03 18:20:00 | WARN | repo=git | action=commit
2025-06-07 18:45:00 | WARN | repo=git | action=test | passed=true
2025-04-27 07:50:00 | INFO | repo=git | action=commit
2025-09-05 13:51:00 | WARN | repo=git | action=commit
2025-12-25 07:31:00 | DEBUG | repo=git | action=commit
2025-04-26 08:55:00 | DEBUG | repo=git | action=edit | files=2
2025-12-05 10:29:00 | WARN | repo=git | action=commit
2025-01-13 09:27:00 | INFO | repo=git | action=test | passed=true
2025-04-28 13:23:00 | INFO | repo=git | action=commit
2025-03-05 16:14:00 | DEBUG | repo=git | action=commit
2025-04-27 17:15:00 | WARN | repo=git | action=edit | files=3
2025-03-18 19:16:00 | DEBUG | repo=git | action=commit
2025-06-17 13:10:00 | INFO | repo=git | action=commit
2025-06-04 20:52:00 | INFO | repo=git | action=commit
2025-07-22 08:20:00 | WARN | repo=git | action=commit
2025-04-08 16:22:00 | INFO | repo=git | action=commit
2025-01-05 08:36:00 | INFO | repo=git | action=test | passed=true
2025-09-11 07:07:00 | WARN | repo=git | action=edit | files=1
2025-08-08 10:39:00 | WARN | repo=git | action=test | passed=true
2025-11-24 08:21:00 | WARN | repo=git | action=commit
2025-09-02 08:37:00 | DEBUG | repo=git | action=edit | files=3
2025-08-24 08:31:00 | INFO | repo=git | action=edit | files=2
2025-03-15 16:50:00 | WARN | repo=git | action=commit
2025-02-13 20:45:00 | DEBUG | repo=git | action=commit
2025-07-24 14:53:00 | WARN | repo=git | action=commit
2025-12-21 14:35:00 | WARN | repo=git | action=commit
2025-05-12 17:44:00 | INFO | repo=git | action=commit
2025-10-24 07:08:00 | INFO | repo=git | action=commit
2025-04-16 08:30:00 | WARN | repo=git | action=commit
2025-11-01 19:20:00 | DEBUG | repo=git | action=commit
2025-05-28 13:12:00 | INFO | repo=git | action=commit
2025-04-11 12:43:00 | DEBUG | repo=git | action=test | passed=true
2025-03-06 08:09:00 | WARN | repo=git | action=commit
2025-12-05 08:23:00 | DEBUG | repo=git | action=commit
2025-11-19 12:57:00 | INFO | repo=git | action=commit
2025-09-22 09:12:00 | DEBUG | repo=git | action=commit
2025-09-21 19:40:00 | DEBUG | repo=git | action=commit
2025-03-21 16:03:00 | INFO | repo=git | action=commit
2025-01-01 21:39:00 | INFO | repo=git | action=commit
2025-06-27 21:50:00 | DEBUG | repo=git | action=test | passed=true
2025-03-26 14:35:00 | INFO | repo=git | action=commit
2025-04-26 15:50:00 | INFO | repo=git | action=test | passed=true
2025-11-28 12:33:00 | WARN | repo=git | action=commit
2025-06-04 13:45:00 | DEBUG | repo=git | action=commit
2025-06-28 14:17:00 | DEBUG | repo=git | action=commit
2025-04-22 15:04:00 | DEBUG | repo=git | action=commit
2025-07-09 08:57:00 | WARN | repo=git | action=edit | files=3
2025-11-06 07:04:00 | DEBUG | repo=git | action=test | passed=true
2025-05-09 07:38:00 | INFO | repo=git | action=commit
2025-08-20 19:40:00 | DEBUG | repo=git | action=commit
2025-07-14 15:49:00 | DEBUG | repo=git | action=commit
2025-10-09 19:53:00 | DEBUG | repo=git | action=commit
2025-03-25 16:27:00 | DEBUG | repo=git | action=commit
2025-04-27 17:46:00 | WARN | repo=git | action=commit
2025-08-05 21:35:00 | INFO | repo=git | action=commit
2025-08-28 19:41:00 | WARN | repo=git | action=commit
2025-06-04 07:46:00 | WARN | repo=git | action=commit
2025-02-07 07:16:00 | WARN | repo=git | action=commit
2025-01-28 13:09:00 | INFO | repo=git | action=commit
2025-04-13 07:58:00 | INFO | repo=git | action=commit
2025-07-05 20:19:00 | INFO | repo=git | action=commit
2025-02-03 09:57:00 | INFO | repo=git | action=edit | files=3
2025-12-20 12:19:00 | DEBUG | repo=git | action=commit
2025-03-12 07:36:00 | DEBUG | repo=git | action=commit
2025-12-25 12:14:00 | DEBUG | repo=git | action=commit
2025-08-27 09:09:00 | INFO | repo=git | action=commit
2025-03-28 08:37:00 | WARN | repo=git | action=commit
2025-04-15 08:47:00 | WARN | repo=git | action=test | passed=true
2025-02-07 18:34:00 | WARN | repo=git | action=commit
2025-05-02 07:32:00 | DEBUG | repo=git | action=commit
2025-04-12 09:12:00 | DEBUG | repo=git | action=commit
2025-07-24 14:08:00 | DEBUG | repo=git | action=commit
2025-03-13 08:05:00 | INFO | repo=git | action=commit
2025-01-11 09:22:00 | INFO | repo=git | action=commit
2025-02-10 11:26:00 | DEBUG | repo=git | action=commit
2025-09-19 07:27:00 | DEBUG | repo=git | action=commit
2025-12-22 10:21:00 | INFO | repo=git | action=commit
2025-09-27 19:30:00 | DEBUG | repo=git | action=pull
2025-01-12 19:11:00 | DEBUG | repo=git | action=commit
2025-12-16 21:53:00 | WARN | repo=git | action=commit
2025-12-19 11:02:00 | INFO | repo=git | action=commit
2025-07-03 12:27:00 | WARN | repo=git | action=commit
2025-04-09 20:52:00 | DEBUG | repo=git | action=commit
2025-01-11 18:04:00 | WARN | repo=git | action=commit
2025-02-07 09:33:00 | DEBUG | repo=git | action=edit | files=3
2025-02-11 17:10:00 | WARN | repo=git | action=commit
2025-06-16 21:41:00 | DEBUG | repo=git | action=commit
2025-02-23 12:36:00 | INFO | repo=git | action=commit
2025-12-07 08:19:00 | INFO | repo=git | action=edit | files=5
2025-07-26 08:25:00 | INFO | repo=git | action=edit | files=3
2025-06-17 15:17:00 | INFO | repo=git | action=commit
2025-06-24 19:52:00 | INFO | repo=git | action=commit
2025-11-08 12:33:00 | WARN | repo=git | action=pull
2025-05-19 20:34:00 | WARN | repo=git | action=commit
2025-06-25 07:25:00 | DEBUG | repo=git | action=commit
2025-06-27 17:47:00 | WARN | repo=git | action=commit
2025-05-09 17:48:00 | WARN | repo=git | action=commit
2025-11-11 20:06:00 | DEBUG | repo=git | action=test | passed=true
2025-12-07 07:34:00 | INFO | repo=git | action=commit
2025-02-26 08:56:00 | WARN | repo=git | action=commit
2025-06-17 19:30:00 | WARN | repo=git | action=commit
2025-02-22 15:08:00 | INFO | repo=git | action=commit
2025-10-28 19:33:00 | INFO | repo=git | action=commit
2025-01-06 07:09:00 | WARN | repo=git | action=commit
2025-07-14 21:11:00 | INFO | repo=git | action=commit
2025-08-20 14:13:00 | WARN | repo=git | action=commit
2025-03-26 09:36:00 | INFO | repo=git | action=commit
2025-04-03 16:50:00 | DEBUG | repo=git | action=commit
2025-06-24 18:21:00 | DEBUG | repo=git | action=commit
2025-07-12 19:49:00 | DEBUG | repo=git | action=commit
2025-06-27 08:42:00 | WARN | repo=git | action=test | passed=true
2025-01-20 20:51:00 | WARN | repo=git | action=commit
2025-06-01 19:54:00 | DEBUG | repo=git | action=commit
2025-07-01 08:48:00 | DEBUG | repo=git | action=commit
2025-07-01 14:16:00 | WARN | repo=git | action=test | passed=true
2025-09-04 09:13:00 | INFO | repo=git | action=commit
2025-10-21 11:20:00 | DEBUG | repo=git | action=commit
2025-07-02 16:55:00 | DEBUG | repo=git | action=commit
2025-02-09 12:50:00 | INFO | repo=git | action=commit
2025-06-02 09:56:00 | INFO | repo=git | action=pull
2025-04-23 19:28:00 | INFO | repo=git | action=commit
2025-02-01 11:53:00 | WARN | repo=git | action=commit
2025-08-17 17:01:00 | DEBUG | repo=git | action=pull
2025-11-05 08:57:00 | DEBUG | repo=git | action=commit
2025-07-13 15:58:00 | DEBUG | repo=git | action=edit | files=3
2025-12-12 10:08:00 | INFO | repo=git | action=commit
2025-05-25 08:04:00 | DEBUG | repo=git | action=pull
2025-03-05 19:24:00 | WARN | repo=git | action=commit
2025-05-04 09:18:00 | DEBUG | repo=git | action=commit
2025-01-28 08:26:00 | DEBUG | repo=git | action=commit
2025-04-17 13:38:00 | DEBUG | repo=git | action=commit
2025-12-19 14:14:00 | INFO | repo=git | action=test | passed=true
2025-06-20 10:24:00 | INFO | repo=git | action=commit
2025-11-14 11:40:00 | DEBUG | repo=git | action=commit
2025-07-26 08:32:00 | DEBUG | repo=git | action=commit
2025-05-10 07:21:00 | WARN | repo=git | action=commit
2025-01-15 11:54:00 | DEBUG | repo=git | action=edit | files=4
2025-02-26 20:25:00 | INFO | repo=git | action=commit
2025-08-19 08:23:00 | WARN | repo=git | action=pull
2025-01-02 21:52:00 | WARN | repo=git | action=commit
2025-11-16 07:04:00 | INFO | repo=git | action=edit | files=5
2025-08-02 11:54:00 | DEBUG | repo=git | action=commit
2025-08-09 12:51:00 | WARN | repo=git | action=pull
2025-08-20 08:51:00 | WARN | repo=git | action=commit
2025-08-25 17:43:00 | WARN | repo=git | action=test | passed=true
2025-06-11 13:03:00 | INFO | repo=git | action=commit
2025-04-14 07:39:00 | INFO | repo=git | action=commit
2025-08-20 20:23:00 | DEBUG | repo=git | action=commit
2025-04-03 12:38:00 | DEBUG | repo=git | action=commit
2025-10-11 10:19:00 | INFO | repo=git | action=commit
2025-09-01 19:40:00 | INFO | repo=git | action=commit
2025-12-05 10:14:00 | WARN | repo=git | action=commit
2025-08-13 09:29:00 | DEBUG | repo=git | action=commit
2024-03-03 07:40:00 | DEBUG | repo=git | action=commit
2024-11-05 18:31:00 | WARN | repo=git | action=test | passed=true
2024-02-14 13:36:00 | WARN | repo=git | action=commit
2024-08-24 09:48:00 | WARN | repo=git | action=commit
2024-11-26 08:46:00 | INFO | repo=git | action=edit | files=3
2025-01-20 21:28:00 | WARN | repo=git | action=commit
2025-11-10 16:59:00 | INFO | repo=git | action=commit
2024-09-16 21:54:00 | DEBUG | repo=git | action=commit
2023-02-27 14:08:00 | INFO | repo=git | action=commit
2023-09-08 09:30:00 | WARN | repo=git | action=commit
2023-10-10 21:05:00 | INFO | repo=git | action=test | passed=true
2025-01-10 09:12:00 | DEBUG | repo=git | action=edit | files=3
2025-03-25 17:04:00 | WARN | repo=git | action=commit
2025-10-10 17:36:00 | INFO | repo=git | action=commit
2023-07-20 11:18:00 | DEBUG | repo=git | action=commit
2024-12-14 08:21:00 | INFO | repo=git | action=commit
2025-02-28 14:45:00 | DEBUG | repo=git | action=commit
2023-03-22 10:59:00 | INFO | repo=git | action=commit
2024-09-04 07:44:00 | INFO | repo=git | action=commit
2024-08-18 09:41:00 | WARN | repo=git | action=commit
2024-08-18 15:28:00 | WARN | repo=git | action=test | passed=true
2024-12-06 14:46:00 | INFO | repo=git | action=commit
2025-02-07 20:57:00 | INFO | repo=git | action=test | passed=true
2025-02-16 13:45:00 | DEBUG | repo=git | action=commit
2023-04-01 16:50:00 | DEBUG | repo=git | action=commit
2023-01-07 15:57:00 | INFO | repo=git | action=commit
2024-05-24 07:43:00 | INFO | repo=git | action=commit
2023-10-10 15:08:00 | DEBUG | repo=git | action=commit
2023-01-22 20:15:00 | DEBUG | repo=git | action=pull
2023-10-11 18:00:00 | DEBUG | repo=git | action=commit
2024-10-23 13:50:00 | WARN | repo=git | action=commit
2025-05-15 21:36:00 | WARN | repo=git | action=test | passed=true
2024-07-25 08:15:00 | WARN | repo=git | action=commit
2023-01-20 15:21:00 | INFO | repo=git | action=commit
2023-07-25 10:43:00 | DEBUG | repo=git | action=edit | files=4
2025-03-09 16:46:00 | WARN | repo=git | action=commit
2025-09-23 20:57:00 | WARN | repo=git | action=pull
2024-12-26 21:02:00 | INFO | repo=git | action=commit
2025-06-12 16:59:00 | INFO | repo=git | action=commit
2023-10-12 20:37:00 | WARN | repo=git | action=commit
2024-02-14 19:51:00 | INFO | repo=git | action=pull
2025-11-11 09:40:00 | WARN | repo=git | action=pull
2025-11-27 09:07:00 | WARN | repo=git | action=commit
2023-02-22 12:59:00 | WARN | repo=git | action=commit
2025-06-08 16:06:00 | INFO | repo=git | action=commit
2023-11-18 08:30:00 | WARN | repo=git | action=commit
2025-01-10 14:15:00 | INFO | repo=git | action=commit
2023-04-19 20:45:00 | WARN | repo=git | action=commit
2024-02-03 16:07:00 | WARN | repo=git | action=commit
2024-02-12 14:55:00 | WARN | repo=git | action=commit
2023-09-18 18:57:00 | WARN | repo=git | action=commit
2025-03-02 18:48:00 | DEBUG | repo=git | action=commit
2025-12-27 18:25:00 | WARN | repo=git | action=pull
2025-11-13 19:46:00 | DEBUG | repo=git | action=edit | files=4
2025-11-15 07:42:00 | WARN | repo=git | action=commit
2025-10-20 20:53:00 | WARN | repo=git | action=pull
2025-10-28 15:49:00 | DEBUG | repo=git | action=commit
2025-04-23 19:03:00 | WARN | repo=git | action=edit | files=5
2025-10-16 08:36:00 | WARN | repo=git | action=edit | files=1
2025-11-04 21:04:00 | INFO | repo=git | action=commit
2025-03-02 21:22:00 | DEBUG | repo=git | action=commit
2025-04-14 09:24:00 | DEBUG | repo=git | action=pull
2025-05-21 14:02:00 | DEBUG | repo=git | action=commit
2025-05-07 09:26:00 | DEBUG | repo=git | action=commit
2025-04-13 17:39:00 | INFO | repo=git | action=pull
2025-10-27 20:35:00 | WARN | repo=git | action=test | passed=true
2025-09-10 19:24:00 | INFO | repo=git | action=commit
2025-07-24 08:10:00 | WARN | repo=git | action=commit
2025-01-28 07:39:00 | INFO | repo=git | action=edit | files=1
2025-12-14 21:58:00 | INFO | repo=git | action=commit
2025-10-06 17:21:00 | WARN | repo=git | action=commit
2025-11-02 17:10:00 | INFO | repo=git | action=test | passed=true
2025-03-26 14:55:00 | WARN | repo=git | action=commit
2024-12-23 12:19:00 | INFO | repo=git | action=pull
2025-08-09 08:33:00 | INFO | repo=git | action=commit
2024-05-18 12:20:00 | INFO | repo=git | action=test | passed=true
2023-04-22 13:56:00 | INFO | repo=git | action=pull
2025-09-05 09:37:00 | INFO | repo=git | action=commit
2024-02-22 16:17:00 | WARN | repo=git | action=pull
2023-10-02 09:08:00 | DEBUG | repo=git | action=pull
2024-04-15 19:15:00 | INFO | repo=git | action=commit
2025-11-12 18:01:00 | DEBUG | repo=git | action=commit
2024-06-05 17:21:00 | DEBUG | repo=git | action=test | passed=true
2023-12-28 20:09:00 | DEBUG | repo=git | action=commit
2024-12-09 20:54:00 | WARN | repo=git | action=commit
2023-12-13 12:49:00 | DEBUG | repo=git | action=edit | files=4
2023-04-05 12:09:00 | DEBUG | repo=git | action=edit | files=3
2024-06-05 15:48:00 | WARN | repo=git | action=commit
2024-05-17 16:55:00 | WARN | repo=git | action=commit
2023-09-13 07:02:00 | INFO | repo=git | action=commit
2023-10-04 07:52:00 | WARN | repo=git | action=commit
2025-05-17 11:02:00 | WARN | repo=git | action=pull
2025-03-14 14:11:00 | INFO | repo=git | action=commit
2025-05-06 08:17:00 | DEBUG | repo=git | action=commit
2025-07-01 21:29:00 | WARN | repo=git | action=commit
2025-07-06 19:39:00 | INFO | repo=git | action=edit | files=3
2025-11-22 07:47:00 | WARN | repo=git | action=commit
2025-12-11 10:40:00 | INFO | repo=git | action=commit
2025-02-25 12:37:00 | WARN | repo=git | action=commit
2025-01-05 10:48:00 | INFO | repo=git | action=commit
2025-12-23 08:03:00 | INFO | repo=git | action=commit
2025-01-18 08:24:00 | WARN | repo=git | action=pull
2025-08-05 13:48:00 | INFO | repo=git | action=edit | files=3
2025-12-19 11:40:00 | DEBUG | repo=git | action=commit
2025-03-26 09:52:00 | INFO | repo=git | action=pull
2025-02-01 19:58:00 | WARN | repo=git | action=commit
2025-08-17 07:06:00 | INFO | repo=git | action=commit
2025-04-23 17:05:00 | INFO | repo=git | action=commit
2025-05-23 15:04:00 | INFO | repo=git | action=commit
2025-06-19 18:33:00 | INFO | repo=git | action=pull
2025-06-17 10:00:00 | INFO | repo=git | action=test | passed=true
2025-04-08 18:17:00 | DEBUG | repo=git | action=commit
2025-11-13 19:12:00 | WARN | repo=git | action=commit
2025-11-25 19:21:00 | WARN | repo=git | action=commit
2025-09-05 11:12:00 | INFO | repo=git | action=commit
2025-11-16 14:32:00 | WARN | repo=git | action=edit | files=1
2025-07-06 19:38:00 | DEBUG | repo=git | action=commit
2025-11-09 10:41:00 | DEBUG | repo=git | action=commit
2025-03-15 15:51:00 | WARN | repo=git | action=commit
2025-05-10 13:20:00 | INFO | repo=git | action=pull
2025-01-08 16:27:00 | DEBUG | repo=git | action=pull
2025-12-28 17:05:00 | INFO | repo=git | action=commit
2025-02-11 08:32:00 | WARN | repo=git | action=edit | files=2
2025-05-21 19:07:00 | INFO | repo=git | action=commit
2025-03-02 19:02:00 | WARN | repo=git | action=commit
2025-09-25 18:24:00 | DEBUG | repo=git | action=commit
2025-10-11 07:56:00 | WARN | repo=git | action=commit
2025-03-13 18:49:00 | DEBUG | repo=git | action=commit
2025-06-11 08:00:00 | INFO | repo=git | action=pull
2025-01-15 10:24:00 | DEBUG | repo=git | action=commit
2025-06-14 16:55:00 | WARN | repo=git | action=pull
2025-06-04 07:15:00 | DEBUG | repo=git | action=commit
2025-09-04 18:18:00 | INFO | repo=git | action=pull
2025-03-25 17:45:00 | INFO | repo=git | action=commit
2025-05-19 15:46:00 | DEBUG | repo=git | action=commit
2025-09-22 07:00:00 | INFO | repo=git | action=commit
2025-04-12 09:08:00 | DEBUG | repo=git | action=pull
2025-01-17 10:36:00 | INFO | repo=git | action=pull
2025-07-22 19:06:00 | INFO | repo=git | action=commit
2025-11-09 14:25:00 | WARN | repo=git | action=test | passed=true
2025-10-12 21:25:00 | WARN | repo=git | action=commit
2025-10-04 13:48:00 | DEBUG | repo=git | action=commit
2025-03-02 21:35:00 | WARN | repo=git | action=commit
2025-11-02 11:10:00 | INFO | repo=git | action=test | passed=true
2025-03-27 20:34:00 | WARN | repo=git | action=pull
2025-09-01 14:35:00 | DEBUG | repo=git | action=commit
2025-03-06 07:08:00 | INFO | repo=git | action=commit
2025-11-22 20:49:00 | WARN | repo=git | action=commit
2025-10-13 19:03:00 | WARN | repo=git | action=test | passed=true
2025-12-15 12:09:00 | WARN | repo=git | action=edit | files=5
2025-06-07 13:09:00 | DEBUG | repo=git | action=test | passed=true
2025-03-08 09:08:00 | INFO | repo=git | action=edit | files=4
2025-03-21 16:45:00 | DEBUG | repo=git | action=commit
2025-12-22 07:41:00 | INFO | repo=git | action=commit
2025-07-06 07:07:00 | WARN | repo=git | action=commit
2025-06-18 18:19:00 | INFO | repo=git | action=commit
2025-04-07 16:35:00 | WARN | repo=git | action=commit
2025-09-22 07:58:00 | DEBUG | repo=git | action=commit
2025-06-13 21:20:00 | DEBUG | repo=git | action=commit
2025-12-20 17:31:00 | INFO | repo=git | action=commit
2025-08-14 14:25:00 | INFO | repo=git | action=commit
2025-07-21 20:23:00 | INFO | repo=git | action=commit
2025-08-26 07:50:00 | INFO | repo=git | action=commit
2025-07-20 16:27:00 | WARN | repo=git | action=commit
2025-12-18 20:43:00 | INFO | repo=git | action=commit
2025-04-09 18:09:00 | DEBUG | repo=git | action=commit
2025-09-16 21:55:00 | INFO | repo=git | action=edit | files=3
2025-08-01 11:58:00 | INFO | repo=git | action=test | passed=true
2025-04-11 19:40:00 | DEBUG | repo=git | action=commit
2025-06-20 12:14:00 | INFO | repo=git | action=commit
2025-05-01 17:01:00 | INFO | repo=git | action=commit
2025-04-08 16:18:00 | DEBUG | repo=git | action=commit
2025-07-02 19:53:00 | WARN | repo=git | action=commit
2025-07-03 16:01:00 | INFO | repo=git | action=edit | files=5
2025-10-04 17:43:00 | WARN | repo=git | action=commit
2025-02-23 19:17:00 | DEBUG | repo=git | action=pull
2025-04-14 13:37:00 | WARN | repo=git | action=pull
2025-02-21 21:44:00 | DEBUG | repo=git | action=pull
2025-12-24 07:58:00 | INFO | repo=git | action=edit | files=3
2025-10-06 11:08:00 | INFO | repo=git | action=commit
2025-07-21 20:51:00 | INFO | repo=git | action=test | passed=true
2025-11-18 08:01:00 | WARN | repo=git | action=commit
2025-10-10 21:45:00 | INFO | repo=git | action=commit
2025-04-14 21:44:00 | WARN | repo=git | action=commit
2025-11-27 18:56:00 | INFO | repo=git | action=commit
2025-08-25 19:50:00 | DEBUG | repo=git | action=commit
2025-05-28 13:28:00 | DEBUG | repo=git | action=commit
2025-09-04 08:14:00 | INFO | repo=git | action=commit
2025-02-02 20:30:00 | DEBUG | repo=git | action=commit
2025-09-13 20:29:00 | DEBUG | repo=git | action=commit
2025-12-24 08:37:00 | DEBUG | repo=git | action=commit
2025-05-10 13:06:00 | WARN | repo=git | action=commit
2025-09-17 13:02:00 | DEBUG | repo=git | action=commit
2025-09-01 16:51:00 | INFO | repo=git | action=commit
2025-04-28 16:10:00 | DEBUG | repo=git | action=commit
2025-11-06 16:47:00 | INFO | repo=git | action=commit
2025-11-12 12:56:00 | DEBUG | repo=git | action=commit
2025-10-05 09:18:00 | DEBUG | repo=git | action=commit
2025-04-03 17:21:00 | INFO | repo=git | action=commit
2025-01-18 15:06:00 | WARN | repo=git | action=commit
2025-04-10 08:09:00 | WARN | repo=git | action=test | passed=true
2025-07-13 20:48:00 | WARN | repo=git | action=edit | files=2
2025-06-08 18:15:00 | DEBUG | repo=git | action=commit
2025-04-27 08:00:00 | WARN | repo=git | action=test | passed=true
2025-01-26 21:00:00 | INFO | repo=git | action=commit
2025-09-18 10:40:00 | WARN | repo=git | action=commit
2025-09-17 11:15:00 | DEBUG | repo=git | action=commit
2025-09-13 19:16:00 | INFO | repo=git | action=commit
2025-08-17 18:46:00 | INFO | repo=git | action=commit
2025-02-06 21:46:00 | DEBUG | repo=git | action=commit
2025-10-05 13:23:00 | DEBUG | repo=git | action=commit
2025-09-07 20:33:00 | INFO | repo=git | action=commit
2025-03-01 16:53:00 | INFO | repo=git | action=pull
2025-10-06 21:51:00 | WARN | repo=git | action=test | passed=true
2025-01-02 19:25:00 | WARN | repo=git | action=commit
2025-04-10 11:58:00 | WARN | repo=git | action=pull
2025-01-27 07:24:00 | INFO | repo=git | action=commit
2025-02-21 07:16:00 | DEBUG | repo=git | action=edit | files=4
2025-06-04 08:50:00 | DEBUG | repo=git | action=commit
2025-06-07 18:18:00 | INFO | repo=git | action=edit | files=5
2025-07-08 11:16:00 | INFO | repo=git | action=pull
2025-11-18 12:33:00 | WARN | repo=git | action=commit
2025-03-24 21:00:00 | WARN | repo=git | action=pull
2025-09-10 19:22:00 | DEBUG | repo=git | action=commit
2025-02-10 07:16:00 | INFO | repo=git | action=commit
2025-12-05 08:41:00 | DEBUG | repo=git | action=commit
2025-06-16 16:46:00 | DEBUG | repo=git | action=edit | files=4
2025-10-17 08:47:00 | DEBUG | repo=git | action=test | passed=true
2025-02-13 20:01:00 | WARN | repo=git | action=pull
2025-09-14 21:37:00 | INFO | repo=git | action=commit
2025-04-06 10:28:00 | WARN | repo=git | action=test | passed=true
2025-06-17 07:50:00 | DEBUG | repo=git | action=commit
2025-05-11 09:00:00 | INFO | repo=git | action=commit
2025-09-23 10:35:00 | DEBUG | repo=git | action=commit
2025-09-11 16:32:00 | WARN | repo=git | action=edit | files=5
2025-04-02 12:13:00 | WARN | repo=git | action=commit
2025-05-15 19:19:00 | INFO | repo=git | action=commit
2025-02-05 08:15:00 | WARN | repo=git | action=edit | files=3
2025-06-17 20:53:00 | DEBUG | repo=git | action=pull
2025-08-10 10:28:00 | DEBUG | repo=git | action=commit
2025-03-23 15:18:00 | WARN | repo=git | action=commit
2025-12-12 19:34:00 | INFO | repo=git | action=commit
2025-12-11 09:15:00 | WARN | repo=git | action=commit
2025-10-22 20:46:00 | DEBUG | repo=git | action=commit
2025-06-21 11:43:00 | INFO | repo=git | action=test | passed=true
2025-12-07 18:30:00 | WARN | repo=git | action=edit | files=3
2025-01-17 07:39:00 | DEBUG | repo=git | action=commit
2025-05-10 08:08:00 | INFO | repo=git | action=pull
2025-05-07 21:06:00 | INFO | repo=git | action=commit
2025-07-22 11:35:00 | INFO | repo=git | action=test | passed=true
2025-09-06 12:08:00 | INFO | repo=git | action=pull
2025-03-17 19:13:00 | INFO | repo=git | action=commit
2025-05-04 10:27:00 | DEBUG | repo=git | action=commit
2025-11-04 13:28:00 | DEBUG | repo=git | action=commit
2025-04-02 08:35:00 | DEBUG | repo=git | action=commit
2025-03-22 17:05:00 | INFO | repo=git | action=pull
2025-06-01 09:35:00 | INFO | repo=git | action=commit
2025-02-23 20:14:00 | WARN | repo=git | action=commit
2025-08-22 20:57:00 | WARN | repo=git | action=commit
2025-01-24 07:14:00 | DEBUG | repo=git | action=commit
2025-10-26 21:07:00 | WARN | repo=git | action=commit
2025-01-06 10:15:00 | WARN | repo=git | action=commit
2025-10-01 11:15:00 | INFO | repo=git | action=commit
2025-12-11 12:29:00 | DEBUG | repo=git | action=commit
2025-05-16 16:45:00 | DEBUG | repo=git | action=commit
2025-09-10 18:53:00 | WARN | repo=git | action=commit
2025-04-18 16:50:00 | WARN | repo=git | action=commit
2025-11-03 11:44:00 | WARN | repo=git | action=pull
2025-12-26 19:54:00 | WARN | repo=git | action=commit
2025-05-20 09:58:00 | WARN | repo=git | action=edit | files=3
2025-06-04 21:18:00 | WARN | repo=git | action=edit | files=1
2025-11-07 17:31:00 | DEBUG | repo=git | action=commit
2025-12-26 21:54:00 | WARN | repo=git | action=commit
2025-12-06 08:24:00 | INFO | repo=git | action=commit
2025-05-16 19:25:00 | DEBUG | repo=git | action=commit
2025-04-21 09:56:00 | WARN | repo=git | action=commit
2025-02-07 20:37:00 | DEBUG | repo=git | action=commit
2025-01-16 18:55:00 | INFO | repo=git | action=commit
2025-11-11 10:14:00 | WARN | repo=git | action=test | passed=true
2025-08-22 21:23:00 | WARN | repo=git | action=commit
2025-03-25 11:27:00 | DEBUG | repo=git | action=commit
2025-03-04 12:23:00 | INFO | repo=git | action=commit
2025-07-06 07:45:00 | DEBUG | repo=git | action=commit
2025-02-03 15:10:00 | DEBUG | repo=git | action=commit
2025-04-08 12:48:00 | WARN | repo=git | action=pull
2025-09-28 09:31:00 | DEBUG | repo=git | action=commit
2025-12-07 07:16:00 | INFO | repo=git | action=commit
2025-03-22 07:48:00 | DEBUG | repo=git | action=commit
2025-11-11 08:19:00 | DEBUG | repo=git | action=commit
2025-01-22 19:18:00 | DEBUG | repo=git | action=commit
2025-11-08 11:00:00 | INFO | repo=git | action=edit | files=2
2025-07-09 21:42:00 | WARN | repo=git | action=commit
2025-12-09 09:48:00 | WARN | repo=git | action=commit
2025-03-05 14:09:00 | DEBUG | repo=git | action=commit
2025-11-14 20:41:00 | WARN | repo=git | action=commit
2025-07-17 08:28:00 | WARN | repo=git | action=commit
2025-02-28 11:19:00 | WARN | repo=git | action=commit
2025-08-12 09:24:00 | DEBUG | repo=git | action=commit
2025-09-22 18:52:00 | DEBUG | repo=git | action=test | passed=true
2025-04-23 21:01:00 | INFO | repo=git | action=commit
2025-02-13 16:06:00 | DEBUG | repo=git | action=test | passed=true
2025-03-28 08:12:00 | DEBUG | repo=git | action=commit
2025-12-23 07:09:00 | DEBUG | repo=git | action=commit
2025-07-23 08:09:00 | INFO | repo=git | action=pull
2025-10-19 18:02:00 | WARN | repo=git | action=commit
2025-05-24 18:05:00 | DEBUG | repo=git | action=commit
2025-10-25 16:00:00 | WARN | repo=git | action=pull
2025-03-18 20:31:00 | INFO | repo=git | action=edit | files=5
2025-11-15 11:35:00 | INFO | repo=git | action=commit
2025-06-08 13:42:00 | DEBUG | repo=git | action=edit | files=3
2025-01-04 21:16:00 | WARN | repo=git | action=commit
2025-12-13 21:28:00 | INFO | repo=git | action=edit | files=3
2025-08-19 19:20:00 | INFO | repo=git | action=commit
2025-06-04 16:48:00 | DEBUG | repo=git | action=pull
2025-08-28 15:02:00 | WARN | repo=git | action=commit
2025-03-20 09:34:00 | INFO | repo=git | action=commit
2025-08-08 21:34:00 | DEBUG | repo=git | action=test | passed=true
2025-11-04 14:25:00 | DEBUG | repo=git | action=commit
2025-08-19 20:02:00 | WARN | repo=git | action=commit
2025-03-04 16:22:00 | WARN | repo=git | action=commit
2025-07-24 14:37:00 | INFO | repo=git | action=commit
2025-10-24 14:04:00 | DEBUG | repo=git | action=commit
2025-08-04 17:34:00 | INFO | repo=git | action=edit | files=5
2025-10-06 10:18:00 | INFO | repo=git | action=commit
2025-03-07 14:48:00 | DEBUG | repo=git | action=commit
2025-12-13 12:11:00 | INFO | repo=git | action=test | passed=true
2025-07-18 07:09:00 | WARN | repo=git | action=commit
2025-06-03 11:39:00 | INFO | repo=git | action=commit
2025-03-08 19:35:00 | WARN | repo=git | action=commit
2025-10-16 08:39:00 | INFO | repo=git | action=pull
2025-04-26 14:56:00 | INFO | repo=git | action=commit
2025-10-18 07:34:00 | DEBUG | repo=git | action=commit
2025-09-03 17:55:00 | INFO | repo=git | action=commit
2025-03-10 18:36:00 | INFO | repo=git | action=commit
2025-03-06 21:14:00 | DEBUG | repo=git | action=commit
2025-01-02 11:57:00 | INFO | repo=git | action=commit
2025-04-22 07:41:00 | INFO | repo=git | action=commit
2025-01-14 11:06:00 | INFO | repo=git | action=test | passed=true
2025-01-01 14:15:00 | DEBUG | repo=git | action=test | passed=true
2025-10-11 19:26:00 | WARN | repo=git | action=commit
2025-08-25 21:40:00 | INFO | repo=git | action=edit | files=5
2025-04-26 09:56:00 | WARN | repo=git | action=commit
2025-02-26 20:29:00 | INFO | repo=git | action=commit
2025-12-17 21:58:00 | DEBUG | repo=git | action=pull
2025-09-02 13:21:00 | INFO | repo=git | action=pull
2025-11-21 14:56:00 | DEBUG | repo=git | action=commit
2025-01-28 07:53:00 | WARN | repo=git | action=commit
2025-04-12 12:32:00 | DEBUG | repo=git | action=commit
2025-06-21 18:26:00 | DEBUG | repo=git | action=commit
2025-04-17 07:18:00 | DEBUG | repo=git | action=commit
2025-04-04 13:01:00 | DEBUG | repo=git | action=commit
2025-01-20 12:43:00 | INFO | repo=git | action=test | passed=true
2025-03-02 08:23:00 | DEBUG | repo=git | action=commit
2025-11-23 08:47:00 | INFO | repo=git | action=commit
2025-06-12 08:18:00 | WARN | repo=git | action=commit
2025-09-02 15:17:00 | WARN | repo=git | action=commit
2025-03-11 18:58:00 | WARN | repo=git | action=commit
2025-02-10 10:37:00 | WARN | repo=git | action=commit
2025-05-28 07:23:00 | DEBUG | repo=git | action=pull
2025-03-05 14:58:00 | INFO | repo=git | action=edit | files=2
2025-10-27 21:10:00 | INFO | repo=git | action=pull
2025-01-18 20:38:00 | DEBUG | repo=git | action=commit
2025-04-14 17:25:00 | DEBUG | repo=git | action=commit
2025-03-21 12:48:00 | DEBUG | repo=git | action=commit
2025-08-27 16:27:00 | WARN | repo=git | action=commit
2025-07-26 14:07:00 | WARN | repo=git | action=commit
2025-07-04 20:56:00 | INFO | repo=git | action=commit
2025-02-09 19:50:00 | WARN | repo=git | action=edit | files=2
2025-06-07 17:16:00 | WARN | repo=git | action=commit
2025-11-18 16:29:00 | INFO | repo=git | action=commit
2025-12-23 15:33:00 | INFO | repo=git | action=edit | files=1
2025-07-14 21:14:00 | DEBUG | repo=git | action=commit
2025-09-07 14:10:00 | WARN | repo=git | action=commit
2025-03-19 21:07:00 | INFO | repo=git | action=edit | files=2
2025-02-25 07:43:00 | WARN | repo=git | action=commit
2025-12-28 20:17:00 | INFO | repo=git | action=commit
2025-10-25 09:59:00 | DEBUG | repo=git | action=pull
2025-03-11 21:16:00 | WARN | repo=git | action=commit
2025-05-14 20:58:00 | DEBUG | repo=git | action=commit
2025-04-24 17:50:00 | DEBUG | repo=git | action=test | passed=true
2025-11-24 08:00:00 | DEBUG | repo=git | action=test | passed=true
2025-12-23 20:45:00 | DEBUG | repo=git | action=pull
2025-06-05 11:24:00 | DEBUG | repo=git | action=commit
2025-10-09 07:28:00 | WARN | repo=git | action=commit
2025-11-17 11:04:00 | DEBUG | repo=git | action=pull
2025-04-16 19:12:00 | WARN | repo=git | action=test | passed=true
2025-05-07 21:39:00 | WARN | repo=git | action=commit
2025-01-21 15:34:00 | WARN | repo=git | action=commit
2025-11-19 16:12:00 | WARN | repo=git | action=commit
2025-06-10 16:19:00 | INFO | repo=git | action=pull
2025-09-21 15:39:00 | DEBUG | repo=git | action=commit
2025-03-11 08:33:00 | DEBUG | repo=git | action=pull
2025-07-28 19:46:00 | INFO | repo=git | action=commit
2025-03-01 08:37:00 | WARN | repo=git | action=edit | files=1
2026-09-22 13:50:00 | WARN | repo=git | action=test | passed=true
2026-12-13 17:53:00 | DEBUG | repo=git | action=commit
2026-10-28 20:41:00 | INFO | repo=git | action=commit
2026-09-17 20:55:00 | WARN | repo=git | action=commit
2026-08-05 09:52:00 | DEBUG | repo=git | action=commit
2026-09-21 07:28:00 | INFO | repo=git | action=commit
2026-08-18 07:18:00 | INFO | repo=git | action=commit
2026-12-18 15:52:00 | INFO | repo=git | action=commit
2026-05-26 08:06:00 | WARN | repo=git | action=commit
2026-07-22 17:44:00 | WARN | repo=git | action=commit
2026-06-12 07:12:00 | WARN | repo=git | action=commit
2026-07-03 10:47:00 | WARN | repo=git | action=commit
2025-08-07 08:09:00 | INFO | repo=git | action=commit
2025-09-10 19:11:00 | DEBUG | repo=git | action=commit
2025-07-17 20:21:00 | WARN | repo=git | action=commit
2025-07-20 13:53:00 | DEBUG | repo=git | action=commit
2025-02-27 12:33:00 | INFO | repo=git | action=commit
2025-02-02 14:27:00 | DEBUG | repo=git | action=commit
2025-02-11 08:05:00 | WARN | repo=git | action=commit
2025-03-22 20:28:00 | INFO | repo=git | action=commit
2025-08-18 20:55:00 | INFO | repo=git | action=commit
2025-07-25 21:23:00 | WARN | repo=git | action=pull
2025-05-20 10:06:00 | INFO | repo=git | action=edit | files=3
2025-05-18 09:22:00 | DEBUG | repo=git | action=commit
2025-12-20 08:48:00 | DEBUG | repo=git | action=commit
2025-05-28 10:16:00 | DEBUG | repo=git | action=commit
2025-11-28 19:54:00 | WARN | repo=git | action=commit
2025-11-17 20:44:00 | INFO | repo=git | action=pull
2025-08-24 07:23:00 | INFO | repo=git | action=commit
2025-05-02 08:26:00 | INFO | repo=git | action=commit
2025-11-09 08:42:00 | INFO | repo=git | action=commit
2025-01-01 07:08:00 | WARN | repo=git | action=commit
2025-03-07 20:06:00 | INFO | repo=git | action=commit
2025-04-11 17:40:00 | DEBUG | repo=git | action=commit
2025-07-18 21:02:00 | INFO | repo=git | action=commit
2025-03-22 19:12:00 | WARN | repo=git | action=commit
2025-05-11 15:20:00 | DEBUG | repo=git | action=commit
2025-06-15 08:16:00 | INFO | repo=git | action=test | passed=true
2025-04-06 16:03:00 | WARN | repo=git | action=commit
2025-12-16 07:33:00 | DEBUG | repo=git | action=commit
2025-07-11 12:37:00 | DEBUG | repo=git | action=commit
2025-11-12 08:57:00 | WARN | repo=git | action=commit
2025-06-10 09:39:00 | DEBUG | repo=git | action=commit
2025-09-15 20:04:00 | DEBUG | repo=git | action=edit | files=4
2025-11-20 07:23:00 | DEBUG | repo=git | action=commit
2025-01-16 09:42:00 | WARN | repo=git | action=commit
2025-09-16 21:02:00 | INFO | repo=git | action=commit
2025-06-22 17:49:00 | WARN | repo=git | action=commit
2025-05-14 20:01:00 | INFO | repo=git | action=commit
2025-08-05 20:56:00 | DEBUG | repo=git | action=commit
2025-12-28 15:54:00 | INFO | repo=git | action=commit
2025-08-05 12:50:00 | INFO | repo=git | action=commit
2025-05-05 16:45:00 | DEBUG | repo=git | action=edit | files=2
2025-02-09 11:16:00 | DEBUG | repo=git | action=commit
2025-12-06 07:23:00 | INFO | repo=git | action=pull
2025-12-26 12:03:00 | INFO | repo=git | action=commit
2025-12-26 08:10:00 | INFO | repo=git | action=commit
2025-05-23 15:24:00 | WARN | repo=git | action=commit
2025-02-14 14:10:00 | INFO | repo=git | action=pull
2025-02-01 12:45:00 | WARN | repo=git | action=edit | files=5
2025-12-02 16:47:00 | INFO | repo=git | action=commit
2025-09-23 08:11:00 | INFO | repo=git | action=test | passed=true
2025-12-09 07:06:00 | INFO | repo=git | action=pull
2025-03-11 16:48:00 | WARN | repo=git | action=commit
2025-05-24 07:52:00 | INFO | repo=git | action=edit | files=2
2025-08-12 14:33:00 | WARN | repo=git | action=edit | files=2
2025-02-15 18:22:00 | DEBUG | repo=git | action=commit
2025-04-20 15:53:00 | INFO | repo=git | action=pull
2025-08-13 08:02:00 | INFO | repo=git | action=edit | files=3
2025-07-13 08:57:00 | DEBUG | repo=git | action=commit
2025-03-10 08:57:00 | WARN | repo=git | action=edit | files=5
2025-03-04 16:00:00 | DEBUG | repo=git | action=pull
2025-05-10 11:37:00 | WARN | repo=git | action=test | passed=true
2025-08-09 10:29:00 | DEBUG | repo=git | action=commit
2025-06-22 10:36:00 | INFO | repo=git | action=edit | files=4
2025-01-22 12:19:00 | WARN | repo=git | action=edit | files=1
2025-02-19 16:08:00 | DEBUG | repo=git | action=pull
2025-07-24 17:02:00 | INFO | repo=git | action=edit | files=4
2025-10-04 12:00:00 | WARN | repo=git | action=commit
2025-12-16 09:28:00 | DEBUG | repo=git | action=test | passed=true
2025-11-06 20:45:00 | INFO | repo=git | action=commit
2025-05-23 09:42:00 | INFO | repo=git | action=commit
2025-12-15 08:06:00 | INFO | repo=git | action=pull
2025-12-18 19:25:00 | WARN | repo=git | action=commit
2025-09-18 19:38:00 | INFO | repo=git | action=commit
2025-01-23 16:21:00 | DEBUG | repo=git | action=commit
2025-09-09 20:31:00 | DEBUG | repo=git | action=commit
2025-06-08 16:58:00 | DEBUG | repo=git | action=commit
2025-06-01T20:11:00 | nonce=12152081473120005698
2025-05-21T09:47:00 | nonce=13930505102519348538
2025-11-14T13:52:00 | nonce=5281242670290169740
2025-02-03T19:40:00 | nonce=3989788158449812159
2025-09-16T19:47:00 | nonce=2764637076164903469
2025-06-01T13:41:00 | nonce=6657035175827293406
2025-11-15T20:53:00 | nonce=5447438934991051336
2025-12-14T20:12:00 | nonce=15055821760745320110
2025-11-25T11:44:00 | nonce=14284722859271319527
2025-07-04T19:25:00 | nonce=4798076345714128778
2025-01-03T13:23:00 | nonce=10377388009449970545
2025-10-24T12:09:00 | nonce=569327043573453512
2025-06-23T11:49:00 | nonce=15039470533193778026
2025-03-03T20:25:00 | nonce=1732749506768655364
2025-07-23T11:36:00 | nonce=3433858245614891748
2025-07-16T14:33:00 | nonce=4928919154499111467
2025-10-30T13:26:00 | nonce=13855694623132568717
2025-12-05T18:59:00 | nonce=4067101863094038745
2025-02-17T13:25:00 | nonce=6546178635965865721
2025-08-28T11:08:00 | nonce=3793757895383326757
2025-02-17T14:06:00 | nonce=2133066051407607208
2025-06-05T15:14:00 | nonce=15560581343637868667
2025-07-08T11:28:00 | nonce=10087514854152128627
2025-11-02T16:32:00 | nonce=2801592231122566897
2025-08-10T12:08:00 | nonce=11508584665208981052
2025-05-15T11:06:00 | nonce=3955123679934612357
2025-05-01T17:23:00 | nonce=9369592426708350937
2025-04-27T15:23:00 | nonce=14833885622000403661
2025-01-07T13:53:00 | nonce=15584453842335638796
2025-08-03T17:15:00 | nonce=8166429674173294924
2025-09-25T12:04:00 | nonce=6750076179537597920
2025-04-20T09:08:00 | nonce=6639508785739916265
2025-07-04T13:20:00 | nonce=18399936376242880695
2025-10-22T10:09:00 | nonce=13882800262886490649
2025-12-26T20:33:00 | nonce=7629103638358957353
2025-05-12T10:23:00 | nonce=4112598812110991700
2025-04-14T09:05:00 | nonce=13460691429668887129
2025-05-20T17:26:00 | nonce=18401784998779417004
2025-02-05T09:16:00 | nonce=11235006735535940595
2025-07-04T18:49:00 | nonce=11138936197975998750
2025-05-16T20:25:00 | nonce=6498204543307467582
2025-03-09T12:19:00 | nonce=1556840232938357285
2025-01-17T14:16:00 | nonce=5823754682912095548
